2026-04-16 05:41:19,995 (__init__.py:1128 MainThread) ERROR - TeleBot: "Infinity polling exception: ('Connection aborted.', RemoteDisconnected('Remote end closed connection without response'))"
2026-04-16 05:41:19,999 (__init__.py:1130 MainThread) ERROR - TeleBot: "Exception traceback:
Traceback (most recent call last):
  File "/home/jules/.pyenv/versions/3.12.13/lib/python3.12/site-packages/urllib3/connectionpool.py", line 787, in urlopen
    response = self._make_request(
               ^^^^^^^^^^^^^^^^^^^
  File "/home/jules/.pyenv/versions/3.12.13/lib/python3.12/site-packages/urllib3/connectionpool.py", line 534, in _make_request
    response = conn.getresponse()
               ^^^^^^^^^^^^^^^^^^
  File "/home/jules/.pyenv/versions/3.12.13/lib/python3.12/site-packages/urllib3/connection.py", line 571, in getresponse
    httplib_response = super().getresponse()
                       ^^^^^^^^^^^^^^^^^^^^^
  File "/home/jules/.pyenv/versions/3.12.13/lib/python3.12/http/client.py", line 1450, in getresponse
    response.begin()
  File "/home/jules/.pyenv/versions/3.12.13/lib/python3.12/http/client.py", line 336, in begin
    version, status, reason = self._read_status()
                              ^^^^^^^^^^^^^^^^^^^
  File "/home/jules/.pyenv/versions/3.12.13/lib/python3.12/http/client.py", line 305, in _read_status
    raise RemoteDisconnected("Remote end closed connection without"
http.client.RemoteDisconnected: Remote end closed connection without response

During handling of the above exception, another exception occurred:

Traceback (most recent call last):
  File "/home/jules/.pyenv/versions/3.12.13/lib/python3.12/site-packages/requests/adapters.py", line 645, in send
    resp = conn.urlopen(
           ^^^^^^^^^^^^^
  File "/home/jules/.pyenv/versions/3.12.13/lib/python3.12/site-packages/urllib3/connectionpool.py", line 841, in urlopen
    retries = retries.increment(
              ^^^^^^^^^^^^^^^^^^
  File "/home/jules/.pyenv/versions/3.12.13/lib/python3.12/site-packages/urllib3/util/retry.py", line 490, in increment
    raise reraise(type(error), error, _stacktrace)
          ^^^^^^^^^^^^^^^^^^^^^^^^^^^^^^^^^^^^^^^^
  File "/home/jules/.pyenv/versions/3.12.13/lib/python3.12/site-packages/urllib3/util/util.py", line 38, in reraise
    raise value.with_traceback(tb)
  File "/home/jules/.pyenv/versions/3.12.13/lib/python3.12/site-packages/urllib3/connectionpool.py", line 787, in urlopen
    response = self._make_request(
               ^^^^^^^^^^^^^^^^^^^
  File "/home/jules/.pyenv/versions/3.12.13/lib/python3.12/site-packages/urllib3/connectionpool.py", line 534, in _make_request
    response = conn.getresponse()
               ^^^^^^^^^^^^^^^^^^
  File "/home/jules/.pyenv/versions/3.12.13/lib/python3.12/site-packages/urllib3/connection.py", line 571, in getresponse
    httplib_response = super().getresponse()
                       ^^^^^^^^^^^^^^^^^^^^^
  File "/home/jules/.pyenv/versions/3.12.13/lib/python3.12/http/client.py", line 1450, in getresponse
    response.begin()
  File "/home/jules/.pyenv/versions/3.12.13/lib/python3.12/http/client.py", line 336, in begin
    version, status, reason = self._read_status()
                              ^^^^^^^^^^^^^^^^^^^
  File "/home/jules/.pyenv/versions/3.12.13/lib/python3.12/http/client.py", line 305, in _read_status
    raise RemoteDisconnected("Remote end closed connection without"
urllib3.exceptions.ProtocolError: ('Connection aborted.', RemoteDisconnected('Remote end closed connection without response'))

During handling of the above exception, another exception occurred:

Traceback (most recent call last):
  File "/home/jules/.pyenv/versions/3.12.13/lib/python3.12/site-packages/telebot/__init__.py", line 1123, in infinity_polling
    self.polling(non_stop=True, timeout=timeout, long_polling_timeout=long_polling_timeout,
  File "/home/jules/.pyenv/versions/3.12.13/lib/python3.12/site-packages/telebot/__init__.py", line 1211, in polling
    self.__threaded_polling(non_stop=non_stop, interval=interval, timeout=timeout, long_polling_timeout=long_polling_timeout,
  File "/home/jules/.pyenv/versions/3.12.13/lib/python3.12/site-packages/telebot/__init__.py", line 1286, in __threaded_polling
    raise e
  File "/home/jules/.pyenv/versions/3.12.13/lib/python3.12/site-packages/telebot/__init__.py", line 1247, in __threaded_polling
    polling_thread.raise_exceptions()
  File "/home/jules/.pyenv/versions/3.12.13/lib/python3.12/site-packages/telebot/util.py", line 116, in raise_exceptions
    raise self.exception_info
  File "/home/jules/.pyenv/versions/3.12.13/lib/python3.12/site-packages/telebot/util.py", line 98, in run
    task(*args, **kwargs)
  File "/home/jules/.pyenv/versions/3.12.13/lib/python3.12/site-packages/telebot/__init__.py", line 689, in __retrieve_updates
    updates = self.get_updates(offset=(self.last_update_id + 1),
              ^^^^^^^^^^^^^^^^^^^^^^^^^^^^^^^^^^^^^^^^^^^^^^^^^^
  File "/home/jules/.pyenv/versions/3.12.13/lib/python3.12/site-packages/telebot/__init__.py", line 661, in get_updates
    json_updates = apihelper.get_updates(
                   ^^^^^^^^^^^^^^^^^^^^^^
  File "/home/jules/.pyenv/versions/3.12.13/lib/python3.12/site-packages/telebot/apihelper.py", line 339, in get_updates
    return _make_request(token, method_url, params=payload)
           ^^^^^^^^^^^^^^^^^^^^^^^^^^^^^^^^^^^^^^^^^^^^^^^^
  File "/home/jules/.pyenv/versions/3.12.13/lib/python3.12/site-packages/telebot/apihelper.py", line 162, in _make_request
    result = _get_req_session().request(
             ^^^^^^^^^^^^^^^^^^^^^^^^^^^
  File "/home/jules/.pyenv/versions/3.12.13/lib/python3.12/site-packages/requests/sessions.py", line 592, in request
    resp = self.send(prep, **send_kwargs)
           ^^^^^^^^^^^^^^^^^^^^^^^^^^^^^^
  File "/home/jules/.pyenv/versions/3.12.13/lib/python3.12/site-packages/requests/sessions.py", line 706, in send
    r = adapter.send(request, **kwargs)
        ^^^^^^^^^^^^^^^^^^^^^^^^^^^^^^^
  File "/home/jules/.pyenv/versions/3.12.13/lib/python3.12/site-packages/requests/adapters.py", line 660, in send
    raise ConnectionError(err, request=request)
requests.exceptions.ConnectionError: ('Connection aborted.', RemoteDisconnected('Remote end closed connection without response'))
"
2026-04-16 05:43:04,023 (__init__.py:1128 MainThread) ERROR - TeleBot: "Infinity polling exception: ('Connection aborted.', RemoteDisconnected('Remote end closed connection without response'))"
2026-04-16 05:43:04,026 (__init__.py:1130 MainThread) ERROR - TeleBot: "Exception traceback:
Traceback (most recent call last):
  File "/home/jules/.pyenv/versions/3.12.13/lib/python3.12/site-packages/urllib3/connectionpool.py", line 787, in urlopen
    response = self._make_request(
               ^^^^^^^^^^^^^^^^^^^
  File "/home/jules/.pyenv/versions/3.12.13/lib/python3.12/site-packages/urllib3/connectionpool.py", line 534, in _make_request
    response = conn.getresponse()
               ^^^^^^^^^^^^^^^^^^
  File "/home/jules/.pyenv/versions/3.12.13/lib/python3.12/site-packages/urllib3/connection.py", line 571, in getresponse
    httplib_response = super().getresponse()
                       ^^^^^^^^^^^^^^^^^^^^^
  File "/home/jules/.pyenv/versions/3.12.13/lib/python3.12/http/client.py", line 1450, in getresponse
    response.begin()
  File "/home/jules/.pyenv/versions/3.12.13/lib/python3.12/http/client.py", line 336, in begin
    version, status, reason = self._read_status()
                              ^^^^^^^^^^^^^^^^^^^
  File "/home/jules/.pyenv/versions/3.12.13/lib/python3.12/http/client.py", line 305, in _read_status
    raise RemoteDisconnected("Remote end closed connection without"
http.client.RemoteDisconnected: Remote end closed connection without response

During handling of the above exception, another exception occurred:

Traceback (most recent call last):
  File "/home/jules/.pyenv/versions/3.12.13/lib/python3.12/site-packages/requests/adapters.py", line 645, in send
    resp = conn.urlopen(
           ^^^^^^^^^^^^^
  File "/home/jules/.pyenv/versions/3.12.13/lib/python3.12/site-packages/urllib3/connectionpool.py", line 841, in urlopen
    retries = retries.increment(
              ^^^^^^^^^^^^^^^^^^
  File "/home/jules/.pyenv/versions/3.12.13/lib/python3.12/site-packages/urllib3/util/retry.py", line 490, in increment
    raise reraise(type(error), error, _stacktrace)
          ^^^^^^^^^^^^^^^^^^^^^^^^^^^^^^^^^^^^^^^^
  File "/home/jules/.pyenv/versions/3.12.13/lib/python3.12/site-packages/urllib3/util/util.py", line 38, in reraise
    raise value.with_traceback(tb)
  File "/home/jules/.pyenv/versions/3.12.13/lib/python3.12/site-packages/urllib3/connectionpool.py", line 787, in urlopen
    response = self._make_request(
               ^^^^^^^^^^^^^^^^^^^
  File "/home/jules/.pyenv/versions/3.12.13/lib/python3.12/site-packages/urllib3/connectionpool.py", line 534, in _make_request
    response = conn.getresponse()
               ^^^^^^^^^^^^^^^^^^
  File "/home/jules/.pyenv/versions/3.12.13/lib/python3.12/site-packages/urllib3/connection.py", line 571, in getresponse
    httplib_response = super().getresponse()
                       ^^^^^^^^^^^^^^^^^^^^^
  File "/home/jules/.pyenv/versions/3.12.13/lib/python3.12/http/client.py", line 1450, in getresponse
    response.begin()
  File "/home/jules/.pyenv/versions/3.12.13/lib/python3.12/http/client.py", line 336, in begin
    version, status, reason = self._read_status()
                              ^^^^^^^^^^^^^^^^^^^
  File "/home/jules/.pyenv/versions/3.12.13/lib/python3.12/http/client.py", line 305, in _read_status
    raise RemoteDisconnected("Remote end closed connection without"
urllib3.exceptions.ProtocolError: ('Connection aborted.', RemoteDisconnected('Remote end closed connection without response'))

During handling of the above exception, another exception occurred:

Traceback (most recent call last):
  File "/home/jules/.pyenv/versions/3.12.13/lib/python3.12/site-packages/telebot/__init__.py", line 1123, in infinity_polling
    self.polling(non_stop=True, timeout=timeout, long_polling_timeout=long_polling_timeout,
  File "/home/jules/.pyenv/versions/3.12.13/lib/python3.12/site-packages/telebot/__init__.py", line 1211, in polling
    self.__threaded_polling(non_stop=non_stop, interval=interval, timeout=timeout, long_polling_timeout=long_polling_timeout,
  File "/home/jules/.pyenv/versions/3.12.13/lib/python3.12/site-packages/telebot/__init__.py", line 1286, in __threaded_polling
    raise e
  File "/home/jules/.pyenv/versions/3.12.13/lib/python3.12/site-packages/telebot/__init__.py", line 1247, in __threaded_polling
    polling_thread.raise_exceptions()
  File "/home/jules/.pyenv/versions/3.12.13/lib/python3.12/site-packages/telebot/util.py", line 116, in raise_exceptions
    raise self.exception_info
  File "/home/jules/.pyenv/versions/3.12.13/lib/python3.12/site-packages/telebot/util.py", line 98, in run
    task(*args, **kwargs)
  File "/home/jules/.pyenv/versions/3.12.13/lib/python3.12/site-packages/telebot/__init__.py", line 689, in __retrieve_updates
    updates = self.get_updates(offset=(self.last_update_id + 1),
              ^^^^^^^^^^^^^^^^^^^^^^^^^^^^^^^^^^^^^^^^^^^^^^^^^^
  File "/home/jules/.pyenv/versions/3.12.13/lib/python3.12/site-packages/telebot/__init__.py", line 661, in get_updates
    json_updates = apihelper.get_updates(
                   ^^^^^^^^^^^^^^^^^^^^^^
  File "/home/jules/.pyenv/versions/3.12.13/lib/python3.12/site-packages/telebot/apihelper.py", line 339, in get_updates
    return _make_request(token, method_url, params=payload)
           ^^^^^^^^^^^^^^^^^^^^^^^^^^^^^^^^^^^^^^^^^^^^^^^^
  File "/home/jules/.pyenv/versions/3.12.13/lib/python3.12/site-packages/telebot/apihelper.py", line 162, in _make_request
    result = _get_req_session().request(
             ^^^^^^^^^^^^^^^^^^^^^^^^^^^
  File "/home/jules/.pyenv/versions/3.12.13/lib/python3.12/site-packages/requests/sessions.py", line 592, in request
    resp = self.send(prep, **send_kwargs)
           ^^^^^^^^^^^^^^^^^^^^^^^^^^^^^^
  File "/home/jules/.pyenv/versions/3.12.13/lib/python3.12/site-packages/requests/sessions.py", line 706, in send
    r = adapter.send(request, **kwargs)
        ^^^^^^^^^^^^^^^^^^^^^^^^^^^^^^^
  File "/home/jules/.pyenv/versions/3.12.13/lib/python3.12/site-packages/requests/adapters.py", line 660, in send
    raise ConnectionError(err, request=request)
requests.exceptions.ConnectionError: ('Connection aborted.', RemoteDisconnected('Remote end closed connection without response'))
"
